// Jest Snapshot v1, https://goo.gl/fbAQLP

exports[`<Button /> Should render and match the snapshot 1`] = `
<button
  class="Button__Container-sc-1fkoyq4-0 dlcHbs"
/>
`;
