// Jest Snapshot v1, https://goo.gl/fbAQLP

exports[`<Header /> Should render and match the snapshot 1`] = `
<h1
  class="Header__H1-sc-1lzyagy-0 hoHtzV"
/>
`;
