// Jest Snapshot v1, https://goo.gl/fbAQLP

exports[`<Wrapper /> Should render and match the snapshot 1`] = `
<div
  class="Wrapper__Container-tno06a-0 xIcpr"
/>
`;
